// Jest Snapshot v1, https://goo.gl/fbAQLP

exports[`Sorting component should render SortingSection snapshot 1`] = `
<div
  className="MuiGrid-root sc-dlfnbm jTNYpR"
>
  <label
    className="MuiFormLabel-root MuiInputLabel-root sc-bdfBwQ gfyZvD MuiInputLabel-animated"
    id="select-label"
  >
    Sort by
  </label>
  <div
    className="MuiInputBase-root MuiInput-root MuiInput-underline makeStyles-select-1"
    onClick={[Function]}
  >
    <div
      aria-haspopup="listbox"
      className="MuiSelect-root MuiSelect-select MuiSelect-selectMenu MuiInputBase-input MuiInput-input"
      onBlur={[Function]}
      onFocus={[Function]}
      onKeyDown={[Function]}
      onMouseDown={[Function]}
      role="button"
      tabIndex={0}
    >
      Release date
    </div>
    <input
      aria-hidden={true}
      className="MuiSelect-nativeInput"
      onAnimationStart={[Function]}
      onChange={[Function]}
      tabIndex={-1}
      value="Release date"
    />
    <svg
      aria-hidden={true}
      className="MuiSvgIcon-root MuiSelect-icon"
      focusable="false"
      viewBox="0 0 24 24"
    >
      <path
        d="M7 10l5 5 5-5z"
      />
    </svg>
  </div>
</div>
`;
